   Compiling app v0.1.0 (/app)
warning: constant `ALIGN` is never used
  --> src/main.rs:22:7
   |
22 | const ALIGN: u32 = 1 << 0;
   |       ^^^^^
   |
   = note: `#[warn(dead_code)]` (part of `#[warn(unused)]`) on by default

warning: constant `MEMINFO` is never used
  --> src/main.rs:23:7
   |
23 | const MEMINFO: u32 = 1 << 1;
   |       ^^^^^^^

warning: constant `MAGIC` is never used
  --> src/main.rs:24:7
   |
24 | const MAGIC: u32 = 0x1BADB002;
   |       ^^^^^

warning: constant `FLAGS` is never used
  --> src/main.rs:25:7
   |
25 | const FLAGS: u32 = ALIGN | MEMINFO;
   |       ^^^^^

warning: constant `CHECKSUM` is never used
  --> src/main.rs:26:7
   |
26 | const CHECKSUM: u32 = -(MAGIC as i32 + FLAGS as i32) as u32;
   |       ^^^^^^^^

warning: associated function `new` is never used
  --> src/interrupts.rs:52:12
   |
51 | impl IdtPointer {
   | --------------- associated function in this implementation
52 |     pub fn new(idt: &InterruptDescriptorTable) -> Self {
   |            ^^^

warning: constant `TOTAL_FRAMES` is never used
 --> src/memory.rs:7:11
  |
7 | pub const TOTAL_FRAMES: usize = 1048576; // 4GB / 4KB
  |           ^^^^^^^^^^^^

warning: function `deallocate_frame` is never used
  --> src/memory.rs:46:15
   |
46 | pub unsafe fn deallocate_frame(phys_addr: u32) {
   |               ^^^^^^^^^^^^^^^^

warning: `app` (bin "app") generated 8 warnings
    Finished `dev` profile [unoptimized + debuginfo] target(s) in 0.25s
     Running `qemu-system-i386 -nographic -serial stdio -kernel target/i686-os/debug/app`
QEMU 8.2.2 monitor - type 'help' for more information
qemu-system-i386: -serial stdio: cannot use stdio by multiple character devices
qemu-system-i386: -serial stdio: could not connect serial device to character backend 'stdio'
